<h1>V2.1 Verification Test</h1><p>Setup Complete. Company: 1, Emp: 1, Cat: 1</p><h2>Testing Increment Logic</h2>
Fatal error: Uncaught Error: Class "IncrementManager" not found in C:\xampp\htdocs\Mipaymaster\test_v2_1_payroll.php:89
Stack trace:
#0 {main}
  thrown in C:\xampp\htdocs\Mipaymaster\test_v2_1_payroll.php on line 89
